******************************************************************************
                  TI ARM Linker PC v20.2.7                     
******************************************************************************
>> Linked Mon Dec 11 02:01:06 2023

OUTPUT FILE NAME:   <gpiointerrupt_CC3220S_LAUNCHXL_nortos_ccs.out>
ENTRY POINT SYMBOL: "resetISR"  address: 20011f91


MEMORY CONFIGURATION

         name            origin    length      used     unused   attr    fill
----------------------  --------  ---------  --------  --------  ----  --------
  SRAM2                 20000000   00004000  0000130c  00002cf4  RW X
  SRAM                  20004000   0003c000  0000f4b8  0002cb48  RW X
  LOG_DATA              90000000   00040000  00000000  00040000  R   


SEGMENT ALLOCATION MAP

run origin  load origin   length   init length attrs members
----------  ----------- ---------- ----------- ----- -------
20003000    20003000    00001000   00000000    rw-
  20003000    20003000    00001000   00000000    rw- .stack
20004000    20004000    00000040   00000040    r--
  20004000    20004000    00000040   00000040    r-- .resetVecs
20004040    20004040    00008000   00000000    rw-
  20004040    20004040    00008000   00000000    rw- .sysmem
2000c040    2000c040    0000648a   0000648a    r-x
  2000c040    2000c040    0000648a   0000648a    r-x .text
200124cc    200124cc    000005d0   00000000    rw-
  200124cc    200124cc    000005d0   00000000    rw- .data
20012a9c    20012a9c    00000502   00000502    r--
  20012a9c    20012a9c    00000502   00000502    r-- .const
20012fa0    20012fa0    00000424   00000000    rw-
  20012fa0    20012fa0    00000424   00000000    rw- .bss
200133c8    200133c8    000000f8   000000f8    r--
  200133c8    200133c8    000000f8   000000f8    r-- .cinit


SECTION ALLOCATION MAP

 output                                  attributes/
section   page    origin      length       input sections
--------  ----  ----------  ----------   ----------------
.text      0    2000c040    0000648a     
                  2000c040    00000a4e     rtsv7M4_T_le_eabi.lib : _printfi.c.obj (.text:__TI_printfi)
                  2000ca8e    00000002     ti_drivers_config.obj (.text:Board_initHook)
                  2000ca90    0000042c     driverlib.a : prcm.obj (.text:PRCMCC3200MCUInit)
                  2000cebc    00000288     drivers_cc32xx.a : UARTCC32XX.oem4 (.text:UARTCC32XX_open)
                  2000d144    00000268     rtsv7M4_T_le_eabi.lib : _printfi.c.obj (.text:_pconv_a)
                  2000d3ac    00000250     gpiointerrupt.obj (.text:initI2C)
                  2000d5fc    000001e4     drivers_cc32xx.a : GPIOCC32XX.oem4 (.text:GPIO_setConfig)
                  2000d7e0    000001cc     rtsv7M4_T_le_eabi.lib : _printfi.c.obj (.text:_pconv_g)
                  2000d9ac    000001b6                           : fd_add_t2.asm.obj (.text)
                  2000db62    00000002     drivers_cc32xx.a : I2C.oem4 (.text:I2C_init)
                  2000db64    0000019c     nortos_cc32xx.a : PowerCC32XX_nortos.oem4 (.text:PowerCC32XX_sleepPolicy)
                  2000dd00    00000148     drivers_cc32xx.a : I2CCC32XX.oem4 (.text:I2CCC32XX_hwiFxn)
                  2000de48    00000148                      : PowerCC32XX.oem4 (.text:parkPins)
                  2000df90    0000013c     rtsv7M4_T_le_eabi.lib : _printfi.c.obj (.text:_pconv_e)
                  2000e0cc    00000138     drivers_cc32xx.a : PowerCC32XX.oem4 (.text:Power_sleep)
                  2000e204    00000138                      : TimerCC32XX.oem4 (.text:Timer_open)
                  2000e33c    00000136     rtsv7M4_T_le_eabi.lib : fd_div_t2.asm.obj (.text)
                  2000e472    00000122     drivers_cc32xx.a : I2C.oem4 (.text:I2C_transferTimeout)
                  2000e594    00000120                      : UARTCC32XX.oem4 (.text:UARTCC32XX_close)
                  2000e6b4    00000120     rtsv7M4_T_le_eabi.lib : _printfi.c.obj (.text:fcvt)
                  2000e7d4    00000120     gpiointerrupt.obj (.text:readTemp)
                  2000e8f4    00000100     rtsv7M4_T_le_eabi.lib : memory.c.obj (.text:aligned_alloc)
                  2000e9f4    00000100     gpiointerrupt.obj (.text:taskScheduler)
                  2000eaf4    000000fc     drivers_cc32xx.a : I2CCC32XX.oem4 (.text:I2C_open)
                  2000ebf0    000000fc     rtsv7M4_T_le_eabi.lib : fd_mul_t2.asm.obj (.text)
                  2000ecec    000000f2     drivers_cc32xx.a : UARTCC32XX.oem4 (.text:UARTCC32XX_control)
                  2000edde    00000002     nortos_cc32xx.a : PowerCC32XX_nortos.oem4 (.text:PowerCC32XX_initPolicy)
                  2000ede0    000000e4     rtsv7M4_T_le_eabi.lib : memory.c.obj (.text:free)
                  2000eec4    000000d0                           : s_scalbn.c.obj (.text:scalbn)
                  2000ef94    000000ca     drivers_cc32xx.a : UARTCC32XX.oem4 (.text:UARTCC32XX_write)
                  2000f05e    00000002     nortos_cc32xx.a : SemaphoreP_nortos.oem4 (.text:SemaphoreP_destruct)
                  2000f060    000000c4     drivers_cc32xx.a : GPIOCC32XX.oem4 (.text:GPIO_init)
                  2000f124    000000c0                      : PowerCC32XX.oem4 (.text:restoreParkedPins)
                  2000f1e4    000000ba                      : UARTCC32XX.oem4 (.text:UARTCC32XX_readPolling)
                  2000f29e    00000002                      : Timer.oem4 (.text:Timer_init)
                  2000f2a0    000000b8                      : UARTCC32XX.oem4 (.text:initHw)
                  2000f358    000000b6                      : UARTCC32XX.oem4 (.text:readTaskCallback)
                  2000f40e    000000b2                      : I2CCC32XX.oem4 (.text:I2CCC32XX_completeTransfer)
                  2000f4c0    000000b1     rtsv7M4_T_le_eabi.lib : _printfi.c.obj (.text:_ltostr)
                  2000f571    00000001     --HOLE-- [fill = 0]
                  2000f572    000000b0     drivers_cc32xx.a : UARTCC32XX.oem4 (.text:readTaskBlocking)
                  2000f622    000000ae                      : UARTCC32XX.oem4 (.text:readIsrTextBlocking)
                  2000f6d0    000000a8                      : I2CCC32XX.oem4 (.text:I2CCC32XX_primeWriteBurst)
                  2000f778    000000a8     driverlib.a : interrupt.obj (.text:IntEnable)
                  2000f820    000000a8     drivers_cc32xx.a : PowerCC32XX.oem4 (.text:PowerCC32XX_configureWakeup)
                  2000f8c8    000000a2                      : UARTCC32XX.oem4 (.text:readIsrTextCallback)
                  2000f96a    000000a2                      : UARTCC32XX.oem4 (.text:writeData)
                  2000fa0c    000000a0     nortos_cc32xx.a : SemaphoreP_nortos.oem4 (.text:SemaphoreP_pend)
                  2000faac    0000009c     drivers_cc32xx.a : I2CCC32XX.oem4 (.text:I2CCC32XX_initHw)
                  2000fb48    0000009c     rtsv7M4_T_le_eabi.lib : memcpy_t2.asm.obj (.text)
                  2000fbe4    00000098     drivers_cc32xx.a : GPIOCC32XX.oem4 (.text:powerNotifyFxn)
                  2000fc7c    00000096     rtsv7M4_T_le_eabi.lib : ull_div_t2.asm.obj (.text)
                  2000fd12    00000002     drivers_cc32xx.a : UARTCC32XX.oem4 (.text:UARTCC32XX_init)
                  2000fd14    00000090                      : PowerCC32XX.oem4 (.text:restoreNVICRegs)
                  2000fda4    0000008c     nortos_cc32xx.a : HwiPCC32XX_nortos.oem4 (.text:HwiP_construct)
                  2000fe30    00000088     driverlib.a : interrupt.obj (.text:IntPendSet)
                  2000feb8    00000088                 : pin.obj (.text:PinConfigSet)
                  2000ff40    00000086     rtsv7M4_T_le_eabi.lib : fd_cmp_t2.asm.obj (.text:__aeabi_cdcmple)
                  2000ffc6    00000086                           : fd_cmp_t2.asm.obj (.text:__aeabi_cdrcmple)
                  2001004c    00000084     drivers_cc32xx.a : PowerCC32XX.oem4 (.text:Power_init)
                  200100d0    00000084                      : PowerCC32XX.oem4 (.text:saveNVICRegs)
                  20010154    00000080                      : PowerCC32XX.oem4 (.text:Power_setDependency)
                  200101d4    0000007c                      : UARTCC32XX.oem4 (.text:readIsrBinaryBlocking)
                  20010250    0000007a                      : I2CCC32XX.oem4 (.text:I2CCC32XX_primeReadBurst)
                  200102ca    0000007a     rtsv7M4_T_le_eabi.lib : fs_mul_t2.asm.obj (.text)
                  20010344    0000007a                           : memset_t2.asm.obj (.text)
                  200103be    00000002                           : _lock.c.obj (.text:_nop)
                  200103c0    00000078     drivers_cc32xx.a : GPIOCC32XX.oem4 (.text:GPIO_hwiIntFxn)
                  20010438    00000078                      : UARTCC32XX.oem4 (.text:readIsrBinaryCallback)
                  200104b0    00000074                      : UARTCC32XX.oem4 (.text:UARTCC32XX_hwiIntFxn)
                  20010524    00000070     rtsv7M4_T_le_eabi.lib : memory.c.obj (.text:split)
                  20010594    0000006e                           : _printfi.c.obj (.text:_mcpy)
                  20010602    0000006a     drivers_cc32xx.a : I2CCC32XX.oem4 (.text:I2CSupport_primeTransfer)
                  2001066c    00000068     rtsv7M4_T_le_eabi.lib : copy_decompress_lzss.c.obj (.text:decompress:lzss:__TI_decompress_lzss)
                  200106d4    00000066     drivers_cc32xx.a : UARTCC32XX.oem4 (.text:UARTCC32XX_writeCancel)
                  2001073a    00000002     nortos_cc32xx.a : startup_cc32xx_ccs.oem4 (.text:busFaultHandler)
                  2001073c    00000064     drivers_cc32xx.a : PowerCC32XX.oem4 (.text:PowerCC32XX_setParkState)
                  200107a0    00000064     gpiointerrupt.obj (.text:mainThread)
                  20010804    00000062     drivers_cc32xx.a : UARTCC32XX.oem4 (.text:UARTCC32XX_writePolling)
                  20010866    00000002     nortos_cc32xx.a : SemaphoreP_nortos.oem4 (.text:clkFxn)
                  20010868    00000060     driverlib.a : prcm.obj (.text:PRCMSysResetCauseGet)
                  200108c8    0000005c     drivers_cc32xx.a : GPIOCC32XX.oem4 (.text:GPIO_setCallback)
                  20010924    0000005c     rtsv7M4_T_le_eabi.lib : s_frexp.c.obj (.text:frexp)
                  20010980    0000005c     nortos_cc32xx.a : ClockPSysTick_nortos.oem4 (.text:sysTickInit)
                  200109dc    00000058     drivers_cc32xx.a : GPIOCC32XX.oem4 (.text:GPIO_write)
                  20010a34    00000058     driverlib.a : prcm.obj (.text:PRCMPeripheralReset)
                  20010a8c    00000058     drivers_cc32xx.a : PowerCC32XX.oem4 (.text:Power_releaseDependency)
                  20010ae4    00000056     rtsv7M4_T_le_eabi.lib : _printfi.c.obj (.text:_pconv_f)
                  20010b3a    00000054                           : _ltoa.c.obj (.text:__TI_ltoa)
                  20010b8e    00000002     nortos_cc32xx.a : startup_cc32xx_ccs.oem4 (.text:defaultHandler)
                  20010b90    00000054     gpiointerrupt.obj (.text:initTimer)
                  20010be4    00000054     drivers_cc32xx.a : UARTCC32XX.oem4 (.text:ringBufGet)
                  20010c38    00000052                      : PowerCC32XX_asm.oem4 (.text:PowerCC32XX_resumeLPDS)
                  20010c8a    00000052     rtsv7M4_T_le_eabi.lib : _printfi.c.obj (.text:_ecpy)
                  20010cdc    00000052     drivers_cc32xx.a : TimerCC32XX.oem4 (.text:initHw)
                  20010d2e    00000002     nortos_cc32xx.a : startup_cc32xx_ccs.oem4 (.text:faultISR)
                  20010d30    00000050                     : ClockPSysTick_nortos.oem4 (.text:ClockP_sysTickHandler)
                  20010d80    00000050                     : SemaphoreP_nortos.oem4 (.text:SemaphoreP_construct)
                  20010dd0    00000050     drivers_cc32xx.a : TimerCC32XX.oem4 (.text:TimerCC32XX_allocateTimerResource)
                  20010e20    0000004c                      : GPIOCC32XX.oem4 (.text:GPIO_enableInt)
                  20010e6c    0000004c                      : I2CCC32XX.oem4 (.text:I2CCC32XX_readRecieveFifo)
                  20010eb8    0000004c                      : PowerCC32XX.oem4 (.text:PowerCC32XX_parkPin)
                  20010f04    0000004c     rtsv7M4_T_le_eabi.lib : atoi.c.obj (.text:atoi)
                  20010f50    0000004c     drivers_cc32xx.a : PowerCC32XX.oem4 (.text:restorePeriphClocks)
                  20010f9c    0000004c     rtsv7M4_T_le_eabi.lib : snprintf.c.obj (.text:snprintf)
                  20010fe8    00000048     driverlib.a : flash.obj (.text:FlashDisable)
                  20011030    00000048                 : prcm.obj (.text:PRCMLPDSEnter)
                  20011078    00000048                 : prcm.obj (.text:PRCMPeripheralClkEnable)
                  200110c0    00000048     drivers_cc32xx.a : PowerCC32XX.oem4 (.text:Power_releaseConstraint)
                  20011108    00000048     rtsv7M4_T_le_eabi.lib : fd_toi_t2.asm.obj (.text)
                  20011150    00000046     drivers_cc32xx.a : RingBuf.oem4 (.text:RingBuf_put)
                  20011196    00000046                      : TimerCC32XX.oem4 (.text:getPrescaler)
                  200111dc    00000044     nortos_cc32xx.a : ClockPSysTick_nortos.oem4 (.text:ClockP_stop)
                  20011220    00000044     driverlib.a : prcm.obj (.text:PRCMLPDSRestoreInfoSet)
                  20011264    00000044     drivers_cc32xx.a : PowerCC32XX_asm.oem4 (.text:PowerCC32XX_enterLPDS)
                  200112a8    00000044     nortos_cc32xx.a : SemaphoreP_nortos.oem4 (.text:SemaphoreP_post)
                  200112ec    00000044                     : SwiP_nortos.oem4 (.text:SwiP_restore)
                  20011330    00000044     drivers_cc32xx.a : Timer.oem4 (.text:Timer_start)
                  20011374    00000044                      : UART.oem4 (.text:UART_init)
                  200113b8    00000044     rtsv7M4_T_le_eabi.lib : autoinit.c.obj (.text:__TI_auto_init_nobinit_nopinit:__TI_auto_init_nobinit_nopinit)
                  200113fc    00000044     gpiointerrupt.obj (.text:initUART)
                  20011440    00000040     nortos_cc32xx.a : ClockPSysTick_nortos.oem4 (.text:ClockP_construct)
                  20011480    00000040     driverlib.a : pin.obj (.text:PinModeSet)
                  200114c0    00000040     drivers_cc32xx.a : RingBuf.oem4 (.text:RingBuf_get)
                  20011500    00000040                      : TimerCC32XX.oem4 (.text:TimerSupport_timerEnable)
                  20011540    00000040                      : TimerCC32XX.oem4 (.text:Timer_close)
                  20011580    00000040                      : UARTCC32XX.oem4 (.text:UARTCC32XX_read)
                  200115c0    00000040                      : UART.oem4 (.text:UART_open)
                  20011600    0000003e     rtsv7M4_T_le_eabi.lib : _printfi.c.obj (.text:_fcpy)
                  2001163e    00000002     nortos_cc32xx.a : startup_cc32xx_ccs.oem4 (.text:nmiISR)
                  20011640    0000003c                     : ClockPSysTick_nortos.oem4 (.text:ClockP_destruct)
                  2001167c    0000003c     drivers_cc32xx.a : PowerCC32XX.oem4 (.text:Power_setConstraint)
                  200116b8    0000003a     nortos_cc32xx.a : PowerCC32XX_nortos.oem4 (.text:getCountsRTC)
                  200116f2    00000002     rtsv7M4_T_le_eabi.lib : div0.asm.obj (.text)
                  200116f4    00000038     driverlib.a : prcm.obj (.text:PRCMLPDSEnterKeepDebugIf)
                  2001172c    00000038     nortos_cc32xx.a : ClockPSysTick_nortos.oem4 (.text:addToList)
                  20011764    00000038                     : startup_cc32xx_ccs.oem4 (.text:initVectors)
                  2001179c    00000038     drivers_cc32xx.a : PowerCC32XX.oem4 (.text:notify)
                  200117d4    00000038     rtsv7M4_T_le_eabi.lib : fs_toi_t2.asm.obj (.text)
                  2001180c    00000038                           : i_tofs_t2.asm.obj (.text)
                  20011844    00000036     driverlib.a : timer.obj (.text:TimerControlStall)
                  2001187a    00000036     drivers_cc32xx.a : Timer.oem4 (.text:Timer_stop)
                  200118b0    00000036                      : UARTCC32XX.oem4 (.text:UARTCC32XX_readCancel)
                  200118e6    00000002     --HOLE-- [fill = 0]
                  200118e8    00000034     nortos_cc32xx.a : ClockPSysTick_nortos.oem4 (.text:ClockP_getTicksUntilInterrupt)
                  2001191c    00000034                     : ClockPSysTick_nortos.oem4 (.text:ClockP_startup)
                  20011950    00000034     driverlib.a : pin.obj (.text:PinModeGet)
                  20011984    00000034     drivers_cc32xx.a : PowerCC32XX.oem4 (.text:PowerCC32XX_restoreParkState)
                  200119b8    00000034                      : TimerCC32XX.oem4 (.text:TimerCC32XX_freeTimerResource)
                  200119ec    00000034                      : TimerCC32XX.oem4 (.text:TimerCC32XX_hwiIntFunction)
                  20011a20    00000034                      : TimerCC32XX.oem4 (.text:getPowerMgrId)
                  20011a54    00000030     nortos_cc32xx.a : ClockPSysTick_nortos.oem4 (.text:ClockP_start)
                  20011a84    00000030     drivers_cc32xx.a : PowerCC32XX.oem4 (.text:PowerCC32XX_restoreParkedPin)
                  20011ab4    00000030     rtsv7M4_T_le_eabi.lib : snprintf.c.obj (.text:_outs)
                  20011ae4    0000002e                           : i_tofd_t2.asm.obj (.text)
                  20011b12    00000002     --HOLE-- [fill = 0]
                  20011b14    0000002c     drivers_cc32xx.a : PowerCC32XX.oem4 (.text:PowerCC32XX_getParkState)
                  20011b40    0000002a     nortos_cc32xx.a : HwiPCC32XX_nortos.oem4 (.text:HwiP_create)
                  20011b6a    0000002a     driverlib.a : timer.obj (.text:TimerLoadSet)
                  20011b94    0000002a                 : timer.obj (.text:TimerPrescaleSet)
                  20011bbe    00000028                 : i2c.obj (.text:I2CFIFODataPutNonBlocking)
                  20011be6    00000002     --HOLE-- [fill = 0]
                  20011be8    00000028                 : prcm.obj (.text:PRCMPeripheralClkDisable)
                  20011c10    00000028     drivers_cc32xx.a : PowerCC32XX.oem4 (.text:Power_registerNotify)
                  20011c38    00000028     rtsv7M4_T_le_eabi.lib : memory.c.obj (.text:free_list_insert)
                  20011c60    00000026     driverlib.a : i2c.obj (.text:I2CFIFODataGetNonBlocking)
                  20011c86    00000026     drivers_cc32xx.a : I2C.oem4 (.text:I2C_cancel)
                  20011cac    00000026                      : List.oem4 (.text:List_put)
                  20011cd2    00000026                      : List.oem4 (.text:List_remove)
                  20011cf8    00000024     nortos_cc32xx.a : HwiPCC32XX_nortos.oem4 (.text:HwiP_dispatch)
                  20011d1c    00000024     drivers_cc32xx.a : PowerCC32XX.oem4 (.text:PowerCC32XX_reset)
                  20011d40    00000024                      : TimerCC32XX.oem4 (.text:TimerSupport_timerDisable)
                  20011d64    00000024     rtsv7M4_T_le_eabi.lib : boot_cortex_m.c.obj (.text:_c_int00_noargs:_c_int00_noargs)
                  20011d88    00000024     gpiointerrupt.obj (.text:gpioButtonFxn0)
                  20011dac    00000024     gpiointerrupt.obj (.text:gpioButtonFxn1)
                  20011dd0    00000022     driverlib.a : i2c.obj (.text:I2CMasterSlaveAddrSet)
                  20011df2    00000020     nortos_cc32xx.a : HwiPCC32XX_nortos.oem4 (.text:HwiP_destruct)
                  20011e12    00000002     --HOLE-- [fill = 0]
                  20011e14    00000020     drivers_cc32xx.a : PowerCC32XX.oem4 (.text:Power_unregisterNotify)
                  20011e34    00000020                      : RingBuf.oem4 (.text:RingBuf_peek)
                  20011e54    00000020                      : UARTCC32XX.oem4 (.text:getPowerMgrId)
                  20011e74    0000001e     driverlib.a : i2c.obj (.text:I2CMasterIntStatusEx)
                  20011e92    0000001e     nortos_cc32xx.a : SemaphoreP_nortos.oem4 (.text:SemaphoreP_constructBinary)
                  20011eb0    0000001e     driverlib.a : timer.obj (.text:TimerDisable)
                  20011ece    0000001e                 : timer.obj (.text:TimerEnable)
                  20011eec    0000001c                 : pin.obj (.text:PinToPadGet)
                  20011f08    0000001c     nortos_cc32xx.a : SwiP_nortos.oem4 (.text:SwiP_disable)
                  20011f24    0000001c     rtsv7M4_T_le_eabi.lib : memory.c.obj (.text:free_list_remove)
                  20011f40    0000001c                           : memccpy.c.obj (.text:memccpy)
                  20011f5c    0000001a     nortos_cc32xx.a : ClockPSysTick_nortos.oem4 (.text:ClockP_create)
                  20011f76    0000001a                     : SemaphoreP_nortos.oem4 (.text:SemaphoreP_createBinary)
                  20011f90    0000001a                     : startup_cc32xx_ccs.oem4 (.text:resetISR)
                  20011faa    00000018     driverlib.a : i2c.obj (.text:I2CMasterBusBusy)
                  20011fc2    00000018                 : i2c.obj (.text:I2CMasterIntDisableEx)
                  20011fda    00000018                 : i2c.obj (.text:I2CMasterIntEnableEx)
                  20011ff2    00000018                 : i2c.obj (.text:I2CRxFIFOFlush)
                  2001200a    00000018                 : i2c.obj (.text:I2CTxFIFOFlush)
                  20012022    00000002     --HOLE-- [fill = 0]
                  20012024    00000018     drivers_cc32xx.a : PowerCC32XX.oem4 (.text:Power_getTransitionLatency)
                  2001203c    00000018                      : PowerCC32XX.oem4 (.text:Power_idleFunc)
                  20012054    00000018     driverlib.a : timer.obj (.text:TimerIntDisable)
                  2001206c    00000018                 : timer.obj (.text:TimerIntEnable)
                  20012084    00000018     drivers_cc32xx.a : TimerCC32XX.oem4 (.text:Timer_getCount)
                  2001209c    00000018     driverlib.a : uart.obj (.text:UARTBusy)
                  200120b4    00000018                 : uart.obj (.text:UARTIntEnable)
                  200120cc    00000018     drivers_cc32xx.a : UART.oem4 (.text:UART_Params_init)
                  200120e4    00000018     rtsv7M4_T_le_eabi.lib : snprintf.c.obj (.text:_outc)
                  200120fc    00000018                           : ll_mul_t2.asm.obj (.text)
                  20012114    00000018     gpiointerrupt.obj (.text:timerCallback)
                  2001212c    00000016     driverlib.a : i2c.obj (.text:I2CMasterBurstLengthSet)
                  20012142    00000016                 : prcm.obj (.text:PRCMHIBRegRead)
                  20012158    00000016                 : prcm.obj (.text:PRCMHIBRegWrite)
                  2001216e    00000016     nortos_cc32xx.a : SemaphoreP_nortos.oem4 (.text:SemaphoreP_create)
                  20012184    00000016     rtsv7M4_T_le_eabi.lib : strchr.c.obj (.text:strchr)
                  2001219a    00000014     driverlib.a : cpu.obj (.text:CPUcpsid)
                  200121ae    00000002     --HOLE-- [fill = 0]
                  200121b0    00000014     nortos_cc32xx.a : HwiPCC32XX_nortos.oem4 (.text:HwiP_inISR)
                  200121c4    00000014     drivers_cc32xx.a : I2CCC32XX.oem4 (.text:I2CSupport_masterFinish)
                  200121d8    00000014                      : I2C.oem4 (.text:I2C_transfer)
                  200121ec    00000014     driverlib.a : interrupt.obj (.text:IntVTableBaseSet)
                  20012200    00000014     drivers_cc32xx.a : PowerCC32XX.oem4 (.text:Power_disablePolicy)
                  20012214    00000014                      : PowerCC32XX.oem4 (.text:Power_getDependencyCount)
                  20012228    00000014                      : UARTCC32XX.oem4 (.text:releasePowerConstraint)
                  2001223c    00000014     rtsv7M4_T_le_eabi.lib : strlen.c.obj (.text:strlen)
                  20012250    00000012     nortos_cc32xx.a : HwiPCC32XX_nortos.oem4 (.text:HwiP_Params_init)
                  20012262    00000012     driverlib.a : i2c.obj (.text:I2CMasterIntClearEx)
                  20012274    00000012     drivers_cc32xx.a : RingBuf.oem4 (.text:RingBuf_construct)
                  20012286    00000012     driverlib.a : timer.obj (.text:TimerIntClear)
                  20012298    00000012     main_nortos.obj (.text:main)
                  200122aa    00000012     rtsv7M4_T_le_eabi.lib : wcslen.c.obj (.text:wcslen)
                  200122bc    00000010     ti_drivers_config.obj (.text:Board_init)
                  200122cc    00000010     nortos_cc32xx.a : ClockPSysTick_nortos.oem4 (.text:ClockP_add)
                  200122dc    00000010                     : ClockPSysTick_nortos.oem4 (.text:ClockP_delete)
                  200122ec    00000010                     : ClockPSysTick_nortos.oem4 (.text:ClockP_getCpuFreq)
                  200122fc    00000010                     : ClockPSysTick_nortos.oem4 (.text:ClockP_getSystemTicks)
                  2001230c    00000010                     : ClockPSysTick_nortos.oem4 (.text:ClockP_setTicks)
                  2001231c    00000010                     : HwiPCC32XX_nortos.oem4 (.text:HwiP_delete)
                  2001232c    00000010                     : HwiPCC32XX_nortos.oem4 (.text:HwiP_restore)
                  2001233c    00000010     driverlib.a : i2c.obj (.text:I2CFIFOStatus)
                  2001234c    00000010     drivers_cc32xx.a : I2C.oem4 (.text:I2C_Params_init)
                  2001235c    00000010                      : PowerCC32XX.oem4 (.text:Power_enablePolicy)
                  2001236c    00000010     nortos_cc32xx.a : SemaphoreP_nortos.oem4 (.text:SemaphoreP_Params_init)
                  2001237c    00000010     drivers_cc32xx.a : Timer.oem4 (.text:Timer_Params_init)
                  2001238c    00000010                      : UARTCC32XX.oem4 (.text:readBlockingTimeout)
                  2001239c    0000000e     nortos_cc32xx.a : HwiPCC32XX_nortos.oem4 (.text:HwiP_clearInterrupt)
                  200123aa    0000000e                     : HwiPCC32XX_nortos.oem4 (.text:HwiP_disable)
                  200123b8    0000000e                     : HwiPCC32XX_nortos.oem4 (.text:HwiP_disableInterrupt)
                  200123c6    0000000e                     : HwiPCC32XX_nortos.oem4 (.text:HwiP_enable)
                  200123d4    0000000e                     : HwiPCC32XX_nortos.oem4 (.text:HwiP_enableInterrupt)
                  200123e2    0000000e     drivers_cc32xx.a : I2CCC32XX.oem4 (.text:I2CCC32XX_updateReg)
                  200123f0    0000000e                      : RingBuf.oem4 (.text:RingBuf_isFull)
                  200123fe    0000000e     rtsv7M4_T_le_eabi.lib : copy_decompress_none.c.obj (.text:decompress:none:__TI_decompress_none)
                  2001240c    0000000c     drivers_cc32xx.a : I2CCC32XX.oem4 (.text:I2CCC32XX_postNotify)
                  20012418    0000000c                      : PowerCC32XX.oem4 (.text:Power_getConstraintMask)
                  20012424    0000000c     rtsv7M4_T_le_eabi.lib : s_copysign.c.obj (.text:copysign)
                  20012430    0000000c                           : copy_zero_init.c.obj (.text:decompress:ZI:__TI_zero_init)
                  2001243c    0000000c     drivers_cc32xx.a : TimerCC32XX.oem4 (.text:postNotifyFxn)
                  20012448    0000000c                      : UARTCC32XX.oem4 (.text:postNotifyFxn)
                  20012454    0000000a     nortos_cc32xx.a : ClockPSysTick_nortos.oem4 (.text:ClockP_Params_init)
                  2001245e    0000000a                     : ClockPSysTick_nortos.oem4 (.text:ClockP_isActive)
                  20012468    0000000a     driverlib.a : interrupt.obj (.text:IntMasterDisable)
                  20012472    0000000a     drivers_cc32xx.a : UART.oem4 (.text:UART_write)
                  2001247c    00000008                      : I2CCC32XX.oem4 (.text:I2CCC32XX_blockingCallback)
                  20012484    00000008     rtsv7M4_T_le_eabi.lib : errno.c.obj (.text:__aeabi_errno_addr)
                  2001248c    00000008                           : memory.c.obj (.text:malloc)
                  20012494    00000008     drivers_cc32xx.a : UARTCC32XX.oem4 (.text:readSemCallback)
                  2001249c    00000008                      : UARTCC32XX.oem4 (.text:writeSemCallback)
                  200124a4    00000006                      : I2CCC32XX.oem4 (.text:I2CSupport_powerRelConstraint)
                  200124aa    00000006                      : I2CCC32XX.oem4 (.text:I2CSupport_powerSetConstraint)
                  200124b0    00000006     driverlib.a : utils.obj (.text:UtilsDelay)
                  200124b6    00000004     nortos_cc32xx.a : ClockPSysTick_nortos.oem4 (.text:ClockP_setTimeout)
                  200124ba    00000004                     : HwiPCC32XX_nortos.oem4 (.text:HwiP_post)
                  200124be    00000004                     : SemaphoreP_nortos.oem4 (.text:SemaphoreP_delete)
                  200124c2    00000004     rtsv7M4_T_le_eabi.lib : pre_init.c.obj (.text:_system_pre_init)
                  200124c6    00000004                           : exit.c.obj (.text:abort:abort)

.const     0    20012a9c    00000502     
                  20012a9c    00000101     rtsv7M4_T_le_eabi.lib : ctype.c.obj (.const:.string:_ctypes_)
                  20012b9d    00000003     --HOLE-- [fill = 0]
                  20012ba0    00000100     driverlib.a : pin.obj (.const:g_ulPinToPadMap)
                  20012ca0    000000a8                 : prcm.obj (.const:PRCM_PeriphRegsList)
                  20012d48    00000044     ti_drivers_config.obj (.const:PowerCC32XX_config)
                  20012d8c    00000028     drivers_cc32xx.a : UARTCC32XX.oem4 (.const:UARTCC32XX_fxnTable)
                  20012db4    00000024                      : UART.oem4 (.const:UART_defaultParams)
                  20012dd8    00000024     ti_drivers_config.obj (.const:uartCC32XXHWAttrs0)
                  20012dfc    00000021     drivers_cc32xx.a : GPIOCC32XX.oem4 (.const:.string:pinTable)
                  20012e1d    00000003     --HOLE-- [fill = 0]
                  20012e20    00000020                      : UARTCC32XX.oem4 (.const:staticFxnTable)
                  20012e40    00000018     driverlib.a : interrupt.obj (.const:g_pulEnRegs)
                  20012e58    00000018                 : interrupt.obj (.const:g_pulPendRegs)
                  20012e70    00000018     gpiointerrupt.obj (.const:sensors)
                  20012e88    00000014     ti_drivers_config.obj (.const:GPIOCC32XX_config)
                  20012e9c    00000014     drivers_cc32xx.a : GPIOCC32XX.oem4 (.const:gpioBaseAddresses)
                  20012eb0    00000014     ti_drivers_config.obj (.const:i2cCC32XXHWAttrs)
                  20012ec4    00000014     drivers_cc32xx.a : UARTCC32XX.oem4 (.const:parityType)
                  20012ed8    00000014                      : GPIOCC32XX.oem4 (.const:powerResources)
                  20012eec    00000010                      : I2C.oem4 (.const:I2C_defaultParams)
                  20012efc    00000010                      : I2CCC32XX.oem4 (.const:I2C_defaultParams)
                  20012f0c    00000010                      : UARTCC32XX.oem4 (.const:dataLength)
                  20012f1c    00000010     ti_drivers_config.obj (.const:timerCC32XXHWAttrs)
                  20012f2c    0000000c     gpiointerrupt.obj (.const:.string)
                  20012f38    0000000c     ti_drivers_config.obj (.const:UART_config)
                  20012f44    0000000c     drivers_cc32xx.a : Timer.oem4 (.const:defaultParams)
                  20012f50    0000000c                      : TimerCC32XX.oem4 (.const:defaultParams)
                  20012f5c    00000009     ti_drivers_config.obj (.const)
                  20012f65    00000003     --HOLE-- [fill = 0]
                  20012f68    00000008     ti_drivers_config.obj (.const:I2C_config)
                  20012f70    00000008     ti_drivers_config.obj (.const:Timer_config)
                  20012f78    00000008     drivers_cc32xx.a : GPIOCC32XX.oem4 (.const:outPinTypes)
                  20012f80    00000008                      : UARTCC32XX.oem4 (.const:stopBits)
                  20012f88    00000006                      : GPIOCC32XX.oem4 (.const:.string:interruptType)
                  20012f8e    00000006                      : GPIOCC32XX.oem4 (.const:inPinTypes)
                  20012f94    00000006                      : GPIOCC32XX.oem4 (.const:outPinStrengths)
                  20012f9a    00000004                      : GPIOCC32XX.oem4 (.const:.string:portInterruptIds)

.cinit     0    200133c8    000000f8     
                  200133c8    000000d3     (.cinit..data.load) [load image, compression = lzss]
                  2001349b    00000001     --HOLE-- [fill = 0]
                  2001349c    0000000c     (__TI_handler_table)
                  200134a8    00000008     (.cinit..bss.load) [load image, compression = zero_init]
                  200134b0    00000010     (__TI_cinit_table)

.init_array 
*          0    20004000    00000000     UNINITIALIZED

.ramVecs   0    20000000    0000030c     NOLOAD SECTION
                  20000000    0000030c     nortos_cc32xx.a : startup_cc32xx_ccs.oem4 (.ramVecs)

.stack     0    20003000    00001000     UNINITIALIZED
                  20003000    00000004     rtsv7M4_T_le_eabi.lib : boot_cortex_m.c.obj (.stack)
                  20003004    00000ffc     --HOLE--

.resetVecs 
*          0    20004000    00000040     
                  20004000    00000040     nortos_cc32xx.a : startup_cc32xx_ccs.oem4 (.resetVecs:retain)

.sysmem    0    20004040    00008000     UNINITIALIZED
                  20004040    00000010     rtsv7M4_T_le_eabi.lib : memory.c.obj (.sysmem)
                  20004050    00007ff0     --HOLE--

.data      0    200124cc    000005d0     UNINITIALIZED
                  200124cc    0000030c     nortos_cc32xx.a : HwiPCC32XX_nortos.oem4 (.data:HwiP_dispatchTable)
                  200127d8    0000016c     drivers_cc32xx.a : PowerCC32XX.oem4 (.data:PowerCC32XX_module)
                  20012944    000000f8     ti_drivers_config.obj (.data:parkInfo)
                  20012a3c    00000010     gpiointerrupt.obj (.data)
                  20012a4c    0000000c     ti_drivers_config.obj (.data:gpioCallbackFunctions)
                  20012a58    0000000c     ti_drivers_config.obj (.data:gpioPinConfigs)
                  20012a64    00000009     drivers_cc32xx.a : GPIOCC32XX.oem4 (.data)
                  20012a6d    00000003     nortos_cc32xx.a : SemaphoreP_nortos.oem4 (.data)
                  20012a70    00000008     rtsv7M4_T_le_eabi.lib : _lock.c.obj (.data:$O1$$)
                  20012a78    00000008                           : memory.c.obj (.data:$O1$$)
                  20012a80    00000008     nortos_cc32xx.a : SemaphoreP_nortos.oem4 (.data:SemaphoreP_defaultParams)
                  20012a88    00000008                     : HwiPCC32XX_nortos.oem4 (.data)
                  20012a90    00000005                     : ClockPSysTick_nortos.oem4 (.data)
                  20012a95    00000001     drivers_cc32xx.a : UART.oem4 (.data)
                  20012a96    00000002     --HOLE--
                  20012a98    00000004     rtsv7M4_T_le_eabi.lib : errno.c.obj (.data)

.bss       0    20012fa0    00000424     UNINITIALIZED
                  20012fa0    0000012c     (.common:PowerCC32XX_contextSave)
                  200130cc    000000fc     (.common:i2cCC32XXObjects)
                  200131c8    00000084     (.common:timerCC32XXObjects)
                  2001324c    00000084     (.common:uartCC32XXObjects0)
                  200132d0    00000040     (.common:output)
                  20013310    00000020     drivers_cc32xx.a : GPIOCC32XX.oem4 (.bss:gpioCallbackInfo)
                  20013330    00000020     ti_drivers_config.obj (.bss:uartCC32XXRingBuffer0)
                  20013350    00000020     (.common:i2cTransaction)
                  20013370    00000014     drivers_cc32xx.a : GPIOCC32XX.oem4 (.bss:powerNotifyObj)
                  20013384    00000004                      : GPIOCC32XX.oem4 (.bss)
                  20013388    00000010     (.common:ClockP_ctrl)
                  20013398    0000000d     nortos_cc32xx.a : SwiP_nortos.oem4 (.bss)
                  200133a5    00000003     --HOLE--
                  200133a8    00000004                     : ClockPSysTick_nortos.oem4 (.bss)
                  200133ac    00000004     drivers_cc32xx.a : TimerCC32XX.oem4 (.bss:timerState)
                  200133b0    00000004     (.common:i2c)
                  200133b4    00000004     (.common:rxBuffer)
                  200133b8    00000004     (.common:timer0)
                  200133bc    00000004     (.common:txBuffer)
                  200133c0    00000004     (.common:uart)

.log_data 
*          0    90000000    00000000     COPY SECTION

__llvm_prf_cnts 
*          0    20004000    00000000     UNINITIALIZED

MODULE SUMMARY

       Module                       code    ro data   rw data
       ------                       ----    -------   -------
    .\
       gpiointerrupt.obj            1484    36        132    
       main_nortos.obj              18      0         0      
    +--+----------------------------+-------+---------+---------+
       Total:                       1502    36        132    
                                                             
    .\syscfg\
       ti_drivers_config.obj        18      197       820    
    +--+----------------------------+-------+---------+---------+
       Total:                       18      197       820    
                                                             
    C:/ti/simplelink_cc32xx_sdk_5_10_00_02/kernel/nortos/lib/ccs/m4/nortos_cc32xx.a
       HwiPCC32XX_nortos.oem4       394     0         788    
       startup_cc32xx_ccs.oem4      90      64        780    
       ClockPSysTick_nortos.oem4    702     0         25     
       PowerCC32XX_nortos.oem4      472     0         0      
       SemaphoreP_nortos.oem4       410     0         11     
       SwiP_nortos.oem4             96      0         13     
    +--+----------------------------+-------+---------+---------+
       Total:                       2164    64        1617   
                                                             
    C:/ti/simplelink_cc32xx_sdk_5_10_00_02/source/ti/devices/cc32xx/driverlib/ccs/Release/driverlib.a
       prcm.obj                     1604    168       0      
       pin.obj                      280     256       0      
       interrupt.obj                334     48        0      
       i2c.obj                      318     0         0      
       timer.obj                    264     0         0      
       flash.obj                    72      0         0      
       uart.obj                     48      0         0      
       cpu.obj                      20      0         0      
       utils.obj                    6       0         0      
    +--+----------------------------+-------+---------+---------+
       Total:                       2946    472       0      
                                                             
    C:/ti/simplelink_cc32xx_sdk_5_10_00_02/source/ti/drivers/lib/ccs/m4/drivers_cc32xx.a
       UARTCC32XX.oem4              3466    116       0      
       PowerCC32XX.oem4             2432    0         664    
       I2CCC32XX.oem4               1452    16        0      
       GPIOCC32XX.oem4              1208    103       65     
       TimerCC32XX.oem4             900     12        4      
       I2C.oem4                     366     16        0      
       UART.oem4                    166     36        1      
       RingBuf.oem4                 198     0         0      
       Timer.oem4                   140     12        0      
       PowerCC32XX_asm.oem4         150     0         0      
       List.oem4                    76      0         0      
    +--+----------------------------+-------+---------+---------+
       Total:                       10554   311       734    
                                                             
    C:\ti\ccs1011\ccs\tools\compiler\ti-cgt-arm_20.2.7.LTS\lib\rtsv7M4_T_le_eabi.lib
       _printfi.c.obj               4835    0         0      
       memory.c.obj                 672     0         8      
       fd_add_t2.asm.obj            438     0         0      
       fd_div_t2.asm.obj            310     0         0      
       fd_cmp_t2.asm.obj            268     0         0      
       ctype.c.obj                  0       257       0      
       fd_mul_t2.asm.obj            252     0         0      
       s_scalbn.c.obj               208     0         0      
       memcpy_t2.asm.obj            156     0         0      
       ull_div_t2.asm.obj           150     0         0      
       snprintf.c.obj               148     0         0      
       fs_mul_t2.asm.obj            122     0         0      
       memset_t2.asm.obj            122     0         0      
       copy_decompress_lzss.c.obj   104     0         0      
       s_frexp.c.obj                92      0         0      
       _ltoa.c.obj                  84      0         0      
       atoi.c.obj                   76      0         0      
       fd_toi_t2.asm.obj            72      0         0      
       autoinit.c.obj               68      0         0      
       fs_toi_t2.asm.obj            56      0         0      
       i_tofs_t2.asm.obj            56      0         0      
       i_tofd_t2.asm.obj            46      0         0      
       boot_cortex_m.c.obj          36      0         0      
       memccpy.c.obj                28      0         0      
       ll_mul_t2.asm.obj            24      0         0      
       strchr.c.obj                 22      0         0      
       strlen.c.obj                 20      0         0      
       wcslen.c.obj                 18      0         0      
       copy_decompress_none.c.obj   14      0         0      
       copy_zero_init.c.obj         12      0         0      
       errno.c.obj                  8       0         4      
       s_copysign.c.obj             12      0         0      
       _lock.c.obj                  2       0         8      
       exit.c.obj                   4       0         0      
       pre_init.c.obj               4       0         0      
       div0.asm.obj                 2       0         0      
    +--+----------------------------+-------+---------+---------+
       Total:                       8541    257       20     
                                                             
       Heap:                        0       0         32768  
       Stack:                       0       0         4096   
       Linker Generated:            0       247       0      
    +--+----------------------------+-------+---------+---------+
       Grand Total:                 25725   1584      40187  


LINKER GENERATED COPY TABLES

__TI_cinit_table @ 200134b0 records: 2, size/record: 8, table size: 16
	.data: load addr=200133c8, load size=000000d3 bytes, run addr=200124cc, run size=000005d0 bytes, compression=lzss
	.bss: load addr=200134a8, load size=00000008 bytes, run addr=20012fa0, run size=00000424 bytes, compression=zero_init


LINKER GENERATED HANDLER TABLE

__TI_handler_table @ 2001349c records: 3, size/record: 4, table size: 12
	index: 0, handler: __TI_decompress_lzss
	index: 1, handler: __TI_decompress_none
	index: 2, handler: __TI_zero_init


GLOBAL SYMBOLS: SORTED ALPHABETICALLY BY Name 

address   name                             
-------   ----                             
200122bd  Board_init                       
2000ca8f  Board_initHook                   
200124c7  C$$EXIT                          
20012f5c  CONFIG_GPIO_BUTTON_0_CONST       
20012f5d  CONFIG_GPIO_BUTTON_1_CONST       
20012f5e  CONFIG_GPIO_LED_0_CONST          
20012f5f  CONFIG_I2C_0_CONST               
20012f61  CONFIG_TIMER_0_CONST             
20012f63  CONFIG_UART_0_CONST              
2001219b  CPUcpsid                         
20012455  ClockP_Params_init               
200122cd  ClockP_add                       
20011441  ClockP_construct                 
20011f5d  ClockP_create                    
20013388  ClockP_ctrl                      
200122dd  ClockP_delete                    
20011641  ClockP_destruct                  
20010d31  ClockP_doTick                    
200122ed  ClockP_getCpuFreq                
200122fd  ClockP_getSystemTicks            
200118e9  ClockP_getTicksUntilInterrupt    
2001245f  ClockP_isActive                  
2001230d  ClockP_setTicks                  
200124b7  ClockP_setTimeout                
20011a55  ClockP_start                     
2001191d  ClockP_startup                   
200111dd  ClockP_stop                      
20010d31  ClockP_sysTickHandler            
20012a90  ClockP_tickPeriod                
20010fe9  FlashDisable                     
20012e88  GPIOCC32XX_config                
20010e21  GPIO_enableInt                   
200103c1  GPIO_hwiIntFxn                   
2000f061  GPIO_init                        
200108c9  GPIO_setCallback                 
2000d5fd  GPIO_setConfig                   
200109dd  GPIO_write                       
20012251  HwiP_Params_init                 
2001239d  HwiP_clearInterrupt              
2000fda5  HwiP_construct                   
20011b41  HwiP_create                      
2001231d  HwiP_delete                      
20011df3  HwiP_destruct                    
200123ab  HwiP_disable                     
200123b9  HwiP_disableInterrupt            
20011cf9  HwiP_dispatch                    
200123c7  HwiP_enable                      
200123d5  HwiP_enableInterrupt             
200121b1  HwiP_inISR                       
20012a88  HwiP_key                         
200124bb  HwiP_post                        
2001232d  HwiP_restore                     
20012a8c  HwiP_swiPIntNum                  
20011c61  I2CFIFODataGetNonBlocking        
20011bbf  I2CFIFODataPutNonBlocking        
2001233d  I2CFIFOStatus                    
2001212d  I2CMasterBurstLengthSet          
20011fab  I2CMasterBusBusy                 
20012263  I2CMasterIntClearEx              
20011fc3  I2CMasterIntDisableEx            
20011fdb  I2CMasterIntEnableEx             
20011e75  I2CMasterIntStatusEx             
20011dd1  I2CMasterSlaveAddrSet            
20011ff3  I2CRxFIFOFlush                   
200121c5  I2CSupport_masterFinish          
200124a5  I2CSupport_powerRelConstraint    
200124ab  I2CSupport_powerSetConstraint    
20010603  I2CSupport_primeTransfer         
2001200b  I2CTxFIFOFlush                   
2001234d  I2C_Params_init                  
20011c87  I2C_cancel                       
20012f68  I2C_config                       
20012f60  I2C_count                        
20012eec  I2C_defaultParams                
2000db63  I2C_init                         
2000eaf5  I2C_open                         
200121d9  I2C_transfer                     
2000e473  I2C_transferTimeout              
UNDEFED   ITM_flush                        
UNDEFED   ITM_restore                      
2000f779  IntEnable                        
20012469  IntMasterDisable                 
2000fe31  IntPendSet                       
200121ed  IntVTableBaseSet                 
20011cad  List_put                         
20011cd3  List_remove                      
200123c7  NoRTOS_start                     
2000ca91  PRCMCC3200MCUInit                
20012143  PRCMHIBRegRead                   
20012159  PRCMHIBRegWrite                  
20011031  PRCMLPDSEnter                    
200116f5  PRCMLPDSEnterKeepDebugIf         
20011221  PRCMLPDSRestoreInfoSet           
20011be9  PRCMPeripheralClkDisable         
20011079  PRCMPeripheralClkEnable          
20010a35  PRCMPeripheralReset              
20010869  PRCMSysResetCauseGet             
2000feb9  PinConfigSet                     
20011951  PinModeGet                       
20011481  PinModeSet                       
20011eed  PinToPadGet                      
20012d48  PowerCC32XX_config               
2000f821  PowerCC32XX_configureWakeup      
20012fa0  PowerCC32XX_contextSave          
20011265  PowerCC32XX_enterLPDS            
20011b15  PowerCC32XX_getParkState         
2000eddf  PowerCC32XX_initPolicy           
200127d8  PowerCC32XX_module               
20010eb9  PowerCC32XX_parkPin              
20011d1d  PowerCC32XX_reset                
20011985  PowerCC32XX_restoreParkState     
20011a85  PowerCC32XX_restoreParkedPin     
20010c39  PowerCC32XX_resumeLPDS           
2001073d  PowerCC32XX_setParkState         
2000db65  PowerCC32XX_sleepPolicy          
20012201  Power_disablePolicy              
2001235d  Power_enablePolicy               
20012419  Power_getConstraintMask          
20012215  Power_getDependencyCount         
20012025  Power_getTransitionLatency       
2001203d  Power_idleFunc                   
2001004d  Power_init                       
20011c11  Power_registerNotify             
200110c1  Power_releaseConstraint          
20010a8d  Power_releaseDependency          
2001167d  Power_setConstraint              
20010155  Power_setDependency              
2000e0cd  Power_sleep                      
20011e15  Power_unregisterNotify           
20012275  RingBuf_construct                
200114c1  RingBuf_get                      
200123f1  RingBuf_isFull                   
20011e35  RingBuf_peek                     
20011151  RingBuf_put                      
2001236d  SemaphoreP_Params_init           
20010d81  SemaphoreP_construct             
20011e93  SemaphoreP_constructBinary       
2001216f  SemaphoreP_create                
20011f77  SemaphoreP_createBinary          
20012a80  SemaphoreP_defaultParams         
200124bf  SemaphoreP_delete                
2000f05f  SemaphoreP_destruct              
2000fa0d  SemaphoreP_pend                  
200112a9  SemaphoreP_post                  
20011f09  SwiP_disable                     
200112ed  SwiP_restore                     
20010dd1  TimerCC32XX_allocateTimerResource
200119b9  TimerCC32XX_freeTimerResource    
20011845  TimerControlStall                
20011eb1  TimerDisable                     
20011ecf  TimerEnable                      
20012a3c  TimerFlag                        
20012287  TimerIntClear                    
20012055  TimerIntDisable                  
2001206d  TimerIntEnable                   
20011b6b  TimerLoadSet                     
20011b95  TimerPrescaleSet                 
20011d41  TimerSupport_timerDisable        
20011501  TimerSupport_timerEnable         
2001237d  Timer_Params_init                
20011541  Timer_close                      
20012f70  Timer_config                     
20012f62  Timer_count                      
20012085  Timer_getCount                   
2000f29f  Timer_init                       
2000e205  Timer_open                       
20011331  Timer_start                      
2001187b  Timer_stop                       
2001209d  UARTBusy                         
2000e595  UARTCC32XX_close                 
2000eced  UARTCC32XX_control               
20012d8c  UARTCC32XX_fxnTable              
2000fd13  UARTCC32XX_init                  
2000cebd  UARTCC32XX_open                  
20011581  UARTCC32XX_read                  
200118b1  UARTCC32XX_readCancel            
2000f1e5  UARTCC32XX_readPolling           
2000ef95  UARTCC32XX_write                 
200106d5  UARTCC32XX_writeCancel           
20010805  UARTCC32XX_writePolling          
200120b5  UARTIntEnable                    
200120cd  UART_Params_init                 
20012f38  UART_config                      
20012f64  UART_count                       
20012db4  UART_defaultParams               
20011375  UART_init                        
200115c1  UART_open                        
20012473  UART_write                       
200124b1  UtilsDelay                       
20004000  __STACK_END                      
00001000  __STACK_SIZE                     
00008000  __SYSMEM_SIZE                    
200134b0  __TI_CINIT_Base                  
200134c0  __TI_CINIT_Limit                 
2001349c  __TI_Handler_Table_Base          
200134a8  __TI_Handler_Table_Limit         
200113b9  __TI_auto_init_nobinit_nopinit   
2001066d  __TI_decompress_lzss             
200123ff  __TI_decompress_none             
20010b3b  __TI_ltoa                        
ffffffff  __TI_pprof_out_hndl              
2000c041  __TI_printfi                     
ffffffff  __TI_prof_data_size              
ffffffff  __TI_prof_data_start             
200133c8  __TI_static_base__               
20012431  __TI_zero_init                   
2000ff41  __aeabi_cdcmpeq                  
2000ff41  __aeabi_cdcmple                  
2000ffc7  __aeabi_cdrcmple                 
20011109  __aeabi_d2iz                     
2000d9b7  __aeabi_dadd                     
2000e33d  __aeabi_ddiv                     
2000ebf1  __aeabi_dmul                     
2000d9ad  __aeabi_dsub                     
20012485  __aeabi_errno_addr               
200117d5  __aeabi_f2iz                     
200102cb  __aeabi_fmul                     
20011ae5  __aeabi_i2d                      
2001180d  __aeabi_i2f                      
200116f3  __aeabi_idiv0                    
200116f3  __aeabi_ldiv0                    
200120fd  __aeabi_lmul                     
20010345  __aeabi_memclr                   
20010345  __aeabi_memclr4                  
20010345  __aeabi_memclr8                  
2000fb49  __aeabi_memcpy                   
2000fb49  __aeabi_memcpy4                  
2000fb49  __aeabi_memcpy8                  
20010347  __aeabi_memset                   
20010347  __aeabi_memset4                  
20010347  __aeabi_memset8                  
2000fc7d  __aeabi_uldivmod                 
ffffffff  __binit__                        
ffffffff  __c_args__                       
UNDEFED   __mpu_init                       
20003000  __stack                          
20004000  __start___llvm_prf_cnts          
20004000  __stop___llvm_prf_cnts           
20011d65  _c_int00_noargs                  
20012a9c  _ctypes_                         
20012a70  _lock                            
200103bf  _nop                             
20004040  _sys_memory                      
UNDEFED   _system_post_cinit               
200124c3  _system_pre_init                 
20012a74  _unlock                          
200124c7  abort                            
2000e8f5  aligned_alloc                    
20010f05  atoi                             
ffffffff  binit                            
20010867  clkFxn                           
20012425  copysign                         
20012425  copysignl                        
20012a98  errno                            
2000ede1  free                             
20010925  frexp                            
20010925  frexpl                           
20011d89  gpioButtonFxn0                   
20011dad  gpioButtonFxn1                   
20012a4c  gpioCallbackFunctions            
20012a58  gpioPinConfigs                   
20012a44  heat                             
200133b0  i2c                              
20012eb0  i2cCC32XXHWAttrs                 
200130cc  i2cCC32XXObjects                 
20013350  i2cTransaction                   
20012f8e  inPinTypes                       
2000d3ad  initI2C                          
20010b91  initTimer                        
200113fd  initUART                         
20011765  initVectors                      
2000eec5  ldexp                            
2000eec5  ldexpl                           
20012299  main                             
200107a1  mainThread                       
2001248d  malloc                           
2000e8f5  memalign                         
20011f41  memccpy                          
2000fb49  memcpy                           
2001034d  memset                           
20012f94  outPinStrengths                  
20012f78  outPinTypes                      
200132d0  output                           
20012944  parkInfo                         
2000e7d5  readTemp                         
20011f91  resetISR                         
20011fa4  resetVectorAddr                  
20004000  resetVectors                     
200133b4  rxBuffer                         
2000eec5  scalbn                           
2000eec5  scalbnl                          
20012a48  seconds                          
20012a40  setpoint                         
20010f9d  snprintf                         
20012185  strchr                           
2001223d  strlen                           
2000e9f5  taskScheduler                    
20012a3e  temperature                      
200133b8  timer0                           
20012f1c  timerCC32XXHWAttrs               
200131c8  timerCC32XXObjects               
20012115  timerCallback                    
200133bc  txBuffer                         
200133c0  uart                             
2001324c  uartCC32XXObjects0               
200122ab  wcslen                           


GLOBAL SYMBOLS: SORTED BY Symbol Address 

address   name                             
-------   ----                             
00001000  __STACK_SIZE                     
00008000  __SYSMEM_SIZE                    
20003000  __stack                          
20004000  __STACK_END                      
20004000  __start___llvm_prf_cnts          
20004000  __stop___llvm_prf_cnts           
20004000  resetVectors                     
20004040  _sys_memory                      
2000c041  __TI_printfi                     
2000ca8f  Board_initHook                   
2000ca91  PRCMCC3200MCUInit                
2000cebd  UARTCC32XX_open                  
2000d3ad  initI2C                          
2000d5fd  GPIO_setConfig                   
2000d9ad  __aeabi_dsub                     
2000d9b7  __aeabi_dadd                     
2000db63  I2C_init                         
2000db65  PowerCC32XX_sleepPolicy          
2000e0cd  Power_sleep                      
2000e205  Timer_open                       
2000e33d  __aeabi_ddiv                     
2000e473  I2C_transferTimeout              
2000e595  UARTCC32XX_close                 
2000e7d5  readTemp                         
2000e8f5  aligned_alloc                    
2000e8f5  memalign                         
2000e9f5  taskScheduler                    
2000eaf5  I2C_open                         
2000ebf1  __aeabi_dmul                     
2000eced  UARTCC32XX_control               
2000eddf  PowerCC32XX_initPolicy           
2000ede1  free                             
2000eec5  ldexp                            
2000eec5  ldexpl                           
2000eec5  scalbn                           
2000eec5  scalbnl                          
2000ef95  UARTCC32XX_write                 
2000f05f  SemaphoreP_destruct              
2000f061  GPIO_init                        
2000f1e5  UARTCC32XX_readPolling           
2000f29f  Timer_init                       
2000f779  IntEnable                        
2000f821  PowerCC32XX_configureWakeup      
2000fa0d  SemaphoreP_pend                  
2000fb49  __aeabi_memcpy                   
2000fb49  __aeabi_memcpy4                  
2000fb49  __aeabi_memcpy8                  
2000fb49  memcpy                           
2000fc7d  __aeabi_uldivmod                 
2000fd13  UARTCC32XX_init                  
2000fda5  HwiP_construct                   
2000fe31  IntPendSet                       
2000feb9  PinConfigSet                     
2000ff41  __aeabi_cdcmpeq                  
2000ff41  __aeabi_cdcmple                  
2000ffc7  __aeabi_cdrcmple                 
2001004d  Power_init                       
20010155  Power_setDependency              
200102cb  __aeabi_fmul                     
20010345  __aeabi_memclr                   
20010345  __aeabi_memclr4                  
20010345  __aeabi_memclr8                  
20010347  __aeabi_memset                   
20010347  __aeabi_memset4                  
20010347  __aeabi_memset8                  
2001034d  memset                           
200103bf  _nop                             
200103c1  GPIO_hwiIntFxn                   
20010603  I2CSupport_primeTransfer         
2001066d  __TI_decompress_lzss             
200106d5  UARTCC32XX_writeCancel           
2001073d  PowerCC32XX_setParkState         
200107a1  mainThread                       
20010805  UARTCC32XX_writePolling          
20010867  clkFxn                           
20010869  PRCMSysResetCauseGet             
200108c9  GPIO_setCallback                 
20010925  frexp                            
20010925  frexpl                           
200109dd  GPIO_write                       
20010a35  PRCMPeripheralReset              
20010a8d  Power_releaseDependency          
20010b3b  __TI_ltoa                        
20010b91  initTimer                        
20010c39  PowerCC32XX_resumeLPDS           
20010d31  ClockP_doTick                    
20010d31  ClockP_sysTickHandler            
20010d81  SemaphoreP_construct             
20010dd1  TimerCC32XX_allocateTimerResource
20010e21  GPIO_enableInt                   
20010eb9  PowerCC32XX_parkPin              
20010f05  atoi                             
20010f9d  snprintf                         
20010fe9  FlashDisable                     
20011031  PRCMLPDSEnter                    
20011079  PRCMPeripheralClkEnable          
200110c1  Power_releaseConstraint          
20011109  __aeabi_d2iz                     
20011151  RingBuf_put                      
200111dd  ClockP_stop                      
20011221  PRCMLPDSRestoreInfoSet           
20011265  PowerCC32XX_enterLPDS            
200112a9  SemaphoreP_post                  
200112ed  SwiP_restore                     
20011331  Timer_start                      
20011375  UART_init                        
200113b9  __TI_auto_init_nobinit_nopinit   
200113fd  initUART                         
20011441  ClockP_construct                 
20011481  PinModeSet                       
200114c1  RingBuf_get                      
20011501  TimerSupport_timerEnable         
20011541  Timer_close                      
20011581  UARTCC32XX_read                  
200115c1  UART_open                        
20011641  ClockP_destruct                  
2001167d  Power_setConstraint              
200116f3  __aeabi_idiv0                    
200116f3  __aeabi_ldiv0                    
200116f5  PRCMLPDSEnterKeepDebugIf         
20011765  initVectors                      
200117d5  __aeabi_f2iz                     
2001180d  __aeabi_i2f                      
20011845  TimerControlStall                
2001187b  Timer_stop                       
200118b1  UARTCC32XX_readCancel            
200118e9  ClockP_getTicksUntilInterrupt    
2001191d  ClockP_startup                   
20011951  PinModeGet                       
20011985  PowerCC32XX_restoreParkState     
200119b9  TimerCC32XX_freeTimerResource    
20011a55  ClockP_start                     
20011a85  PowerCC32XX_restoreParkedPin     
20011ae5  __aeabi_i2d                      
20011b15  PowerCC32XX_getParkState         
20011b41  HwiP_create                      
20011b6b  TimerLoadSet                     
20011b95  TimerPrescaleSet                 
20011bbf  I2CFIFODataPutNonBlocking        
20011be9  PRCMPeripheralClkDisable         
20011c11  Power_registerNotify             
20011c61  I2CFIFODataGetNonBlocking        
20011c87  I2C_cancel                       
20011cad  List_put                         
20011cd3  List_remove                      
20011cf9  HwiP_dispatch                    
20011d1d  PowerCC32XX_reset                
20011d41  TimerSupport_timerDisable        
20011d65  _c_int00_noargs                  
20011d89  gpioButtonFxn0                   
20011dad  gpioButtonFxn1                   
20011dd1  I2CMasterSlaveAddrSet            
20011df3  HwiP_destruct                    
20011e15  Power_unregisterNotify           
20011e35  RingBuf_peek                     
20011e75  I2CMasterIntStatusEx             
20011e93  SemaphoreP_constructBinary       
20011eb1  TimerDisable                     
20011ecf  TimerEnable                      
20011eed  PinToPadGet                      
20011f09  SwiP_disable                     
20011f41  memccpy                          
20011f5d  ClockP_create                    
20011f77  SemaphoreP_createBinary          
20011f91  resetISR                         
20011fa4  resetVectorAddr                  
20011fab  I2CMasterBusBusy                 
20011fc3  I2CMasterIntDisableEx            
20011fdb  I2CMasterIntEnableEx             
20011ff3  I2CRxFIFOFlush                   
2001200b  I2CTxFIFOFlush                   
20012025  Power_getTransitionLatency       
2001203d  Power_idleFunc                   
20012055  TimerIntDisable                  
2001206d  TimerIntEnable                   
20012085  Timer_getCount                   
2001209d  UARTBusy                         
200120b5  UARTIntEnable                    
200120cd  UART_Params_init                 
200120fd  __aeabi_lmul                     
20012115  timerCallback                    
2001212d  I2CMasterBurstLengthSet          
20012143  PRCMHIBRegRead                   
20012159  PRCMHIBRegWrite                  
2001216f  SemaphoreP_create                
20012185  strchr                           
2001219b  CPUcpsid                         
200121b1  HwiP_inISR                       
200121c5  I2CSupport_masterFinish          
200121d9  I2C_transfer                     
200121ed  IntVTableBaseSet                 
20012201  Power_disablePolicy              
20012215  Power_getDependencyCount         
2001223d  strlen                           
20012251  HwiP_Params_init                 
20012263  I2CMasterIntClearEx              
20012275  RingBuf_construct                
20012287  TimerIntClear                    
20012299  main                             
200122ab  wcslen                           
200122bd  Board_init                       
200122cd  ClockP_add                       
200122dd  ClockP_delete                    
200122ed  ClockP_getCpuFreq                
200122fd  ClockP_getSystemTicks            
2001230d  ClockP_setTicks                  
2001231d  HwiP_delete                      
2001232d  HwiP_restore                     
2001233d  I2CFIFOStatus                    
2001234d  I2C_Params_init                  
2001235d  Power_enablePolicy               
2001236d  SemaphoreP_Params_init           
2001237d  Timer_Params_init                
2001239d  HwiP_clearInterrupt              
200123ab  HwiP_disable                     
200123b9  HwiP_disableInterrupt            
200123c7  HwiP_enable                      
200123c7  NoRTOS_start                     
200123d5  HwiP_enableInterrupt             
200123f1  RingBuf_isFull                   
200123ff  __TI_decompress_none             
20012419  Power_getConstraintMask          
20012425  copysign                         
20012425  copysignl                        
20012431  __TI_zero_init                   
20012455  ClockP_Params_init               
2001245f  ClockP_isActive                  
20012469  IntMasterDisable                 
20012473  UART_write                       
20012485  __aeabi_errno_addr               
2001248d  malloc                           
200124a5  I2CSupport_powerRelConstraint    
200124ab  I2CSupport_powerSetConstraint    
200124b1  UtilsDelay                       
200124b7  ClockP_setTimeout                
200124bb  HwiP_post                        
200124bf  SemaphoreP_delete                
200124c3  _system_pre_init                 
200124c7  C$$EXIT                          
200124c7  abort                            
200127d8  PowerCC32XX_module               
20012944  parkInfo                         
20012a3c  TimerFlag                        
20012a3e  temperature                      
20012a40  setpoint                         
20012a44  heat                             
20012a48  seconds                          
20012a4c  gpioCallbackFunctions            
20012a58  gpioPinConfigs                   
20012a70  _lock                            
20012a74  _unlock                          
20012a80  SemaphoreP_defaultParams         
20012a88  HwiP_key                         
20012a8c  HwiP_swiPIntNum                  
20012a90  ClockP_tickPeriod                
20012a98  errno                            
20012a9c  _ctypes_                         
20012d48  PowerCC32XX_config               
20012d8c  UARTCC32XX_fxnTable              
20012db4  UART_defaultParams               
20012e88  GPIOCC32XX_config                
20012eb0  i2cCC32XXHWAttrs                 
20012eec  I2C_defaultParams                
20012f1c  timerCC32XXHWAttrs               
20012f38  UART_config                      
20012f5c  CONFIG_GPIO_BUTTON_0_CONST       
20012f5d  CONFIG_GPIO_BUTTON_1_CONST       
20012f5e  CONFIG_GPIO_LED_0_CONST          
20012f5f  CONFIG_I2C_0_CONST               
20012f60  I2C_count                        
20012f61  CONFIG_TIMER_0_CONST             
20012f62  Timer_count                      
20012f63  CONFIG_UART_0_CONST              
20012f64  UART_count                       
20012f68  I2C_config                       
20012f70  Timer_config                     
20012f78  outPinTypes                      
20012f8e  inPinTypes                       
20012f94  outPinStrengths                  
20012fa0  PowerCC32XX_contextSave          
200130cc  i2cCC32XXObjects                 
200131c8  timerCC32XXObjects               
2001324c  uartCC32XXObjects0               
200132d0  output                           
20013350  i2cTransaction                   
20013388  ClockP_ctrl                      
200133b0  i2c                              
200133b4  rxBuffer                         
200133b8  timer0                           
200133bc  txBuffer                         
200133c0  uart                             
200133c8  __TI_static_base__               
2001349c  __TI_Handler_Table_Base          
200134a8  __TI_Handler_Table_Limit         
200134b0  __TI_CINIT_Base                  
200134c0  __TI_CINIT_Limit                 
ffffffff  __TI_pprof_out_hndl              
ffffffff  __TI_prof_data_size              
ffffffff  __TI_prof_data_start             
ffffffff  __binit__                        
ffffffff  __c_args__                       
ffffffff  binit                            
UNDEFED   ITM_flush                        
UNDEFED   ITM_restore                      
UNDEFED   __mpu_init                       
UNDEFED   _system_post_cinit               

[306 symbols]
